../Core/Src/main.c:79:5:main	48	static
../Core/Src/main.c:168:6:SystemClock_Config	96	static
../Core/Src/main.c:229:13:MX_ADC1_Init	32	static
../Core/Src/main.c:332:13:MX_TIM1_Init	112	static
../Core/Src/main.c:420:13:MX_USART1_UART_Init	8	static
../Core/Src/main.c:453:13:MX_DMA_Init	16	static
../Core/Src/main.c:471:13:MX_GPIO_Init	40	static
../Core/Src/main.c:525:6:StartDefaultTask	16	static
../Core/Src/main.c:544:6:HAL_TIM_PeriodElapsedCallback	16	static
../Core/Src/main.c:562:6:Error_Handler	4	static,ignoring_inline_asm
