../Core/Src/main.c:78:5:main	48	static
../Core/Src/main.c:156:6:SystemClock_Config	96	static
../Core/Src/main.c:217:13:MX_ADC1_Init	32	static
../Core/Src/main.c:320:13:MX_TIM1_Init	112	static
../Core/Src/main.c:408:13:MX_USART1_UART_Init	8	static
../Core/Src/main.c:441:13:MX_DMA_Init	16	static
../Core/Src/main.c:459:13:MX_GPIO_Init	40	static
../Core/Src/main.c:513:6:StartDefaultTask	16	static
../Core/Src/main.c:532:6:HAL_TIM_PeriodElapsedCallback	16	static
../Core/Src/main.c:550:6:Error_Handler	4	static,ignoring_inline_asm
